[360webservices-contactus.pages.dev/checkout.html]
[360webservices-contactus.pages.dev/index.html]
[backblue.gif]
[fade.gif]
[index.html]
[360webservices-contactus.pages.dev/files/img/icon.png]
[cdn.jsdelivr.net/npm/bootstrap@5.3.0/dist/css/bootstrap.min.css]
[cdnjs.cloudflare.com/ajax/libs/font-awesome/6.0.0-beta3/css/all.min.css]
[code.jquery.com/jquery-3.3.1.slim.min.js]
[cdnjs.cloudflare.com/ajax/libs/popper.js/1.14.7/umd/popper.min.js]
[stackpath.bootstrapcdn.com/bootstrap/4.3.1/js/bootstrap.min.js]
[360webservices-contactus.pages.dev/files/style.css]
[360webservices-contactus.pages.dev/files/img/logo1.png]
[360webservices-contactus.pages.dev/shop.html]
[360webservices-contactus.pages.dev/privacy-policy.html]
[360webservices-contactus.pages.dev/terms-conditions.html]
[360webservices-contactus.pages.dev/refund-policy.html]
[360webservices-contactus.pages.dev/files/img/img1.jpg]
[360webservices-contactus.pages.dev/files/img/product/n1.jpg]
[360webservices-contactus.pages.dev/files/img/product/n2.jpg]
[360webservices-contactus.pages.dev/files/img/product/n3.jpg]
[360webservices-contactus.pages.dev/files/img/product/n4.jpg]
[360webservices-contactus.pages.dev/index.html]
[cdn.jsdelivr.net/npm/bootstrap@5.3.0/dist/js/bootstrap.bundle.min.js]
[360webservices-contactus.pages.dev/files/assets/css/style.css]
[img.icons8.com/sf-regular/48/aaaaaa/forward.png]
[img.icons8.com/external-dreamstale-lineal-dreamstale/32/000000/external-warning-ui-dreamstale-lineal-dreamstale.png]
[img.icons8.com/ios-filled/50/FFFFFF/mac-os.png]
[img.icons8.com/color/48/000000/visa.png]
[img.icons8.com/color/48/000000/mastercard.png]
[img.icons8.com/color/48/000000/amex.png]
[img.icons8.com/ios/50/000000/card-verification-value.png]
[360webservices-contactus.pages.dev/checkout.html]
[cdn.jsdelivr.net/npm/bootstrap@5.3.0/dist/css/bootstrap.min.css]
[cdnjs.cloudflare.com/ajax/libs/font-awesome/6.0.0-beta3/css/all.min.css]
[360webservices-contactus.pages.dev/files/img/bg.jpg]
[360webservices-contactus.pages.dev/files/style.css]
[360webservices-contactus.pages.dev/shop.html]
[360webservices-contactus.pages.dev/privacy-policy.html]
[360webservices-contactus.pages.dev/terms-conditions.html]
[360webservices-contactus.pages.dev/refund-policy.html]
[360webservices-contactus.pages.dev/files/assets/css/style.css]
